[ 2026-09-07 11:02:32,941 ] 26 root - INFO - Entered the data ingestion method or component
[ 2026-09-07 11:02:32,951 ] 31 root - INFO - Read the dataset as dataframe
[ 2026-09-07 11:02:32,956 ] 44 root - INFO - Train test split initiated
[ 2026-09-07 11:02:32,964 ] 64 root - INFO - Ingestion of the data is completed
[ 2026-09-07 11:02:32,980 ] 89 root - INFO - Read train and test data completed
[ 2026-09-07 11:02:32,980 ] 91 root - INFO - Obtaining preprocessing object
[ 2026-09-07 11:02:32,980 ] 67 root - INFO - Numerical and categorical columns defined
[ 2026-09-07 11:02:32,982 ] 114 root - INFO - Applying preprocessing object on training dataframe and testing dataframe
[ 2026-09-07 11:02:33,028 ] 137 root - INFO - Saved preprocessing object
[ 2026-09-07 11:02:33,030 ] 40 root - INFO - Split training and test input data
[ 2026-09-07 11:02:33,039 ] 82 root - INFO - Linear Regression: Train R2 = 0.8743172040139593, Test R2 = 0.8804332983749565
[ 2026-09-07 11:02:33,044 ] 82 root - INFO - Ridge: Train R2 = 0.8743099013606639, Test R2 = 0.8805671790733924
[ 2026-09-07 11:02:33,047 ] 82 root - INFO - Lasso: Train R2 = 0.8454352837534761, Test R2 = 0.8564278149469471
[ 2026-09-07 11:02:33,051 ] 82 root - INFO - Decision Tree: Train R2 = 0.9996534669718089, Test R2 = 0.7274988246820067
[ 2026-09-07 11:02:33,299 ] 82 root - INFO - Random Forest: Train R2 = 0.9766418370770065, Test R2 = 0.8550163622233738
[ 2026-09-07 11:02:33,358 ] 82 root - INFO - AdaBoost: Train R2 = 0.8448810828441453, Test R2 = 0.8417418883429
[ 2026-09-07 11:02:33,458 ] 82 root - INFO - Gradient Boosting: Train R2 = 0.9050396644022572, Test R2 = 0.8723954769316998
[ 2026-09-07 11:02:33,522 ] 82 root - INFO - KNN: Train R2 = 0.698829642221767, Test R2 = 0.47561174068704326
[ 2026-09-07 11:02:33,642 ] 82 root - INFO - SVR: Train R2 = 0.7572323360656739, Test R2 = 0.6883486754875963
[ 2026-09-07 11:02:33,642 ] 98 root - INFO - Best model: Ridge with R2 score: 0.8805671790733924
[ 2026-09-07 11:02:33,643 ] 115 root - INFO - Best model saved successfully
